~/Library/Caches/com.example.ShipIt	rule=应用更新包残留 recovery=redownloadable risk=safe guards=[]
~/Library/Caches/Google/AndroidStudio2026.1/index	rule=IDE 索引缓存 recovery=regenerable risk=safe guards=[]
~/Library/Caches/Homebrew	rule=Homebrew 下载缓存 recovery=redownloadable risk=safe guards=[]
~/Library/Caches/go-build	rule=Go 构建缓存 recovery=regenerable risk=safe guards=[]
~/Library/Caches/com.some.app	rule=用户缓存 recovery=regenerable risk=review generic guards=[]
~/Library/Caches/GeoServices	rule=用户缓存 recovery=regenerable risk=review generic guards=[]
~/Library/Logs/SomeApp	rule=用户日志 recovery=regenerable risk=safe generic guards=[]
~/Documents	rule=用户文档 recovery=irreplaceable risk=risky guards=[user_content]
~/Desktop	rule=桌面 recovery=irreplaceable risk=risky guards=[user_content]
~/Pictures	rule=图片 recovery=irreplaceable risk=risky guards=[user_content]
~/Library/Keychains	rule=钥匙串 recovery=irreplaceable risk=risky guards=[credentials]
~/Library/Mail	rule=邮件数据 recovery=irreplaceable risk=risky guards=[user_data]
~/Library/Application Support/MobileSync/Backup	rule=iOS 设备备份 recovery=irreplaceable risk=risky guards=[device_backup]
~/Pictures/trip.photoslibrary	rule=照片图库 recovery=irreplaceable risk=risky guards=[user_content]
~/work/vm.sparsebundle	rule=稀疏磁盘映像 recovery=irreplaceable risk=risky guards=[virtual_disk]
~/work/disk.vmdk	rule=虚拟机磁盘 recovery=irreplaceable risk=risky guards=[virtual_disk]
~/work/repo/.git	rule=版本库历史 recovery=irreplaceable risk=risky guards=[repository]
~/.ssh	rule=SSH 密钥 recovery=irreplaceable risk=risky guards=[credentials]
~/.gnupg	rule=GPG 密钥 recovery=irreplaceable risk=risky guards=[credentials]
~/Documents/proj/node_modules	rule=node_modules recovery=redownloadable risk=review guards=[]
~/Documents/proj/build	rule=用户文档 recovery=irreplaceable risk=risky guards=[user_content]
~/Documents/proj/target	rule=用户文档 recovery=irreplaceable risk=risky guards=[user_content]
~/Desktop/app/dist	rule=桌面 recovery=irreplaceable risk=risky guards=[user_content]
~/Library/Keychains/login.keychain-db	rule=钥匙串 recovery=irreplaceable risk=risky guards=[credentials]
~/Pictures/trip.photoslibrary/originals	rule=照片图库 recovery=irreplaceable risk=risky guards=[user_content]
~/work/repo/.git/objects/ab	rule=版本库历史 recovery=irreplaceable risk=risky guards=[repository]
~/Pictures/Trip.PhotosLibrary	rule=图片 recovery=irreplaceable risk=risky guards=[user_content]
~/Documents/proj/.git	rule=版本库历史 recovery=irreplaceable risk=risky guards=[repository]
~/Documents/proj/.git/objects/ab	rule=版本库历史 recovery=irreplaceable risk=risky guards=[repository]
~/work/repo/.git/objects/pack/tmp_pack_Z8vjYY	rule=git 残留临时包 recovery=regenerable risk=safe guards=[]
~/work/repo/.git/objects/pack/tmp_idx_aaaa	rule=git 残留临时索引 recovery=regenerable risk=safe guards=[]
~/Library/Safari	rule=Safari 数据 recovery=reauthenticate risk=risky guards=[login_state]
~/Library/Safari/Cookies	rule=Cookie recovery=reauthenticate risk=risky guards=[login_state]
~/Library/Application Support/Google/Chrome/Default/Cookies	rule=Cookie recovery=reauthenticate risk=risky guards=[login_state]
~/Library/Application Support/Google/Chrome/Default/Login Data	rule=保存的登录信息 recovery=reauthenticate risk=risky guards=[login_state]
~/development/flutter/bin/cache/dart-sdk/lib	rule=工具链内部目录 recovery=irreplaceable risk=risky guards=[partial_install]
/Library/Caches/com.apple.something	rule=根级用户缓存 recovery=regenerable risk=review generic guards=[]
/Library/Logs/DiagnosticReports	rule=根级日志 recovery=irreplaceable risk=review generic guards=[]
~/work/repo	rule=— recovery=— risk=— guards=[]
~/work/repo/src	rule=— recovery=— risk=— guards=[]
~/AndroidStudioProjects/app/build	rule=— recovery=— risk=— guards=[]
~/.gradle/caches/8.13	rule=— recovery=— risk=— guards=[]
~/Library/Android/sdk/platforms	rule=— recovery=— risk=— guards=[]
~/Music	rule=音乐 recovery=irreplaceable risk=risky guards=[user_content]
~/Downloads	rule=— recovery=— risk=— guards=[]
